
> resonatewebsite@0.1.0 test
> react-scripts test --watchAll=false

  console.error
    Error: Uncaught [TypeError: Cannot read properties of undefined (reading 'revert')]
        at reportException (E:\Resonate-Website\node_modules\jsdom\lib\jsdom\living\helpers\runtime-script-errors.js:66:24)
        at innerInvokeEventListeners (E:\Resonate-Website\node_modules\jsdom\lib\jsdom\living\events\EventTarget-impl.js:341:9)
        at invokeEventListeners (E:\Resonate-Website\node_modules\jsdom\lib\jsdom\living\events\EventTarget-impl.js:274:3)
        at HTMLUnknownElementImpl._dispatch (E:\Resonate-Website\node_modules\jsdom\lib\jsdom\living\events\EventTarget-impl.js:221:9)
        at HTMLUnknownElementImpl.dispatchEvent (E:\Resonate-Website\node_modules\jsdom\lib\jsdom\living\events\EventTarget-impl.js:94:17)
        at HTMLUnknownElement.dispatchEvent (E:\Resonate-Website\node_modules\jsdom\lib\jsdom\living\generated\EventTarget.js:231:34)
        at Object.invokeGuardedCallbackDev (E:\Resonate-Website\node_modules\react-dom\cjs\react-dom.development.js:4213:16)
        at invokeGuardedCallback (E:\Resonate-Website\node_modules\react-dom\cjs\react-dom.development.js:4277:31)
        at reportUncaughtErrorInDEV (E:\Resonate-Website\node_modules\react-dom\cjs\react-dom.development.js:22838:5)
        at captureCommitPhaseError (E:\Resonate-Website\node_modules\react-dom\cjs\react-dom.development.js:27126:5)
        at safelyCallDestroy (E:\Resonate-Website\node_modules\react-dom\cjs\react-dom.development.js:22934:5)
        at commitHookEffectListUnmount (E:\Resonate-Website\node_modules\react-dom\cjs\react-dom.development.js:23100:11)
        at commitPassiveUnmountInsideDeletedTreeOnFiber (E:\Resonate-Website\node_modules\react-dom\cjs\react-dom.development.js:25101:11)
        at commitPassiveUnmountEffectsInsideOfDeletedTree_begin (E:\Resonate-Website\node_modules\react-dom\cjs\react-dom.development.js:25048:5)
        at commitPassiveUnmountEffects_begin (E:\Resonate-Website\node_modules\react-dom\cjs\react-dom.development.js:24956:11)
        at commitPassiveUnmountEffects (E:\Resonate-Website\node_modules\react-dom\cjs\react-dom.development.js:24941:3)
        at flushPassiveEffectsImpl (E:\Resonate-Website\node_modules\react-dom\cjs\react-dom.development.js:27038:3)
        at flushPassiveEffects (E:\Resonate-Website\node_modules\react-dom\cjs\react-dom.development.js:26984:14)
        at commitRootImpl (E:\Resonate-Website\node_modules\react-dom\cjs\react-dom.development.js:26935:5)
        at commitRoot (E:\Resonate-Website\node_modules\react-dom\cjs\react-dom.development.js:26682:5)
        at performSyncWorkOnRoot (E:\Resonate-Website\node_modules\react-dom\cjs\react-dom.development.js:26117:3)
        at flushSyncCallbacks (E:\Resonate-Website\node_modules\react-dom\cjs\react-dom.development.js:12042:22)
        at flushSync (E:\Resonate-Website\node_modules\react-dom\cjs\react-dom.development.js:26201:7)
        at ReactDOMRoot.Object.<anonymous>.ReactDOMHydrationRoot.unmount.ReactDOMRoot.unmount [as unmount] (E:\Resonate-Website\node_modules\react-dom\cjs\react-dom.development.js:29336:5)
        at Object.unmount (E:\Resonate-Website\node_modules\@testing-library\react\dist\pure.js:126:12)
        at E:\Resonate-Website\node_modules\@testing-library\react\dist\pure.js:262:12
        at E:\Resonate-Website\node_modules\@testing-library\react\dist\act-compat.js:64:24
        at act (E:\Resonate-Website\node_modules\react\cjs\react.development.js:2512:16)
        at E:\Resonate-Website\node_modules\@testing-library\react\dist\act-compat.js:63:25
        at E:\Resonate-Website\node_modules\@testing-library\react\dist\pure.js:261:28
        at Array.forEach (<anonymous>)
        at cleanup (E:\Resonate-Website\node_modules\@testing-library\react\dist\pure.js:257:22)
        at Object.<anonymous> (E:\Resonate-Website\node_modules\@testing-library\react\dist\index.js:35:25)
        at Promise.then.completed (E:\Resonate-Website\node_modules\jest-circus\build\utils.js:391:28)
        at new Promise (<anonymous>)
        at callAsyncCircusFn (E:\Resonate-Website\node_modules\jest-circus\build\utils.js:316:10)
        at _callCircusHook (E:\Resonate-Website\node_modules\jest-circus\build\run.js:181:40)
        at _runTest (E:\Resonate-Website\node_modules\jest-circus\build\run.js:158:5)
        at _runTestsForDescribeBlock (E:\Resonate-Website\node_modules\jest-circus\build\run.js:66:9)
        at run (E:\Resonate-Website\node_modules\jest-circus\build\run.js:25:3)
        at runAndTransformResultsToJestFormat (E:\Resonate-Website\node_modules\jest-circus\build\legacy-code-todo-rewrite\jestAdapterInit.js:170:21)
        at jestAdapter (E:\Resonate-Website\node_modules\jest-circus\build\legacy-code-todo-rewrite\jestAdapter.js:82:19)
        at runTestInternal (E:\Resonate-Website\node_modules\jest-runner\build\runTest.js:389:16)
        at runTest (E:\Resonate-Website\node_modules\jest-runner\build\runTest.js:475:34)
        at TestRunner.runTests (E:\Resonate-Website\node_modules\jest-runner\build\index.js:101:12)
        at TestScheduler.scheduleTests (E:\Resonate-Website\node_modules\@jest\core\build\TestScheduler.js:333:13)
        at runJest (E:\Resonate-Website\node_modules\@jest\core\build\runJest.js:404:19)
        at _run10000 (E:\Resonate-Website\node_modules\@jest\core\build\cli\index.js:320:7)
        at runCLI (E:\Resonate-Website\node_modules\@jest\core\build\cli\index.js:173:3)
        at Object.run (E:\Resonate-Website\node_modules\jest-cli\build\cli\index.js:155:37) TypeError: Cannot read properties of undefined (reading 'revert')
        at E:\Resonate-Website\src\App.js:199:11
        at safelyCallDestroy (E:\Resonate-Website\node_modules\react-dom\cjs\react-dom.development.js:22932:5)
        at commitHookEffectListUnmount (E:\Resonate-Website\node_modules\react-dom\cjs\react-dom.development.js:23100:11)
        at commitPassiveUnmountInsideDeletedTreeOnFiber (E:\Resonate-Website\node_modules\react-dom\cjs\react-dom.development.js:25101:11)
        at commitPassiveUnmountEffectsInsideOfDeletedTree_begin (E:\Resonate-Website\node_modules\react-dom\cjs\react-dom.development.js:25048:5)
        at commitPassiveUnmountEffects_begin (E:\Resonate-Website\node_modules\react-dom\cjs\react-dom.development.js:24956:11)
        at commitPassiveUnmountEffects (E:\Resonate-Website\node_modules\react-dom\cjs\react-dom.development.js:24941:3)
        at flushPassiveEffectsImpl (E:\Resonate-Website\node_modules\react-dom\cjs\react-dom.development.js:27038:3)
        at flushPassiveEffects (E:\Resonate-Website\node_modules\react-dom\cjs\react-dom.development.js:26984:14)
        at commitRootImpl (E:\Resonate-Website\node_modules\react-dom\cjs\react-dom.development.js:26935:5)
        at commitRoot (E:\Resonate-Website\node_modules\react-dom\cjs\react-dom.development.js:26682:5)
        at performSyncWorkOnRoot (E:\Resonate-Website\node_modules\react-dom\cjs\react-dom.development.js:26117:3)
        at flushSyncCallbacks (E:\Resonate-Website\node_modules\react-dom\cjs\react-dom.development.js:12042:22)
        at flushSync (E:\Resonate-Website\node_modules\react-dom\cjs\react-dom.development.js:26201:7)
        at ReactDOMRoot.Object.<anonymous>.ReactDOMHydrationRoot.unmount.ReactDOMRoot.unmount [as unmount] (E:\Resonate-Website\node_modules\react-dom\cjs\react-dom.development.js:29336:5)
        at Object.unmount (E:\Resonate-Website\node_modules\@testing-library\react\dist\pure.js:126:12)
        at E:\Resonate-Website\node_modules\@testing-library\react\dist\pure.js:262:12
        at E:\Resonate-Website\node_modules\@testing-library\react\dist\act-compat.js:64:24
        at act (E:\Resonate-Website\node_modules\react\cjs\react.development.js:2512:16)
        at E:\Resonate-Website\node_modules\@testing-library\react\dist\act-compat.js:63:25
        at E:\Resonate-Website\node_modules\@testing-library\react\dist\pure.js:261:28
        at Array.forEach (<anonymous>)
        at cleanup (E:\Resonate-Website\node_modules\@testing-library\react\dist\pure.js:257:22)
        at Object.<anonymous> (E:\Resonate-Website\node_modules\@testing-library\react\dist\index.js:35:25)
        at Promise.then.completed (E:\Resonate-Website\node_modules\jest-circus\build\utils.js:391:28)
        at new Promise (<anonymous>)
        at callAsyncCircusFn (E:\Resonate-Website\node_modules\jest-circus\build\utils.js:316:10)
        at _callCircusHook (E:\Resonate-Website\node_modules\jest-circus\build\run.js:181:40)
        at _runTest (E:\Resonate-Website\node_modules\jest-circus\build\run.js:158:5)
        at _runTestsForDescribeBlock (E:\Resonate-Website\node_modules\jest-circus\build\run.js:66:9)
        at run (E:\Resonate-Website\node_modules\jest-circus\build\run.js:25:3)
        at runAndTransformResultsToJestFormat (E:\Resonate-Website\node_modules\jest-circus\build\legacy-code-todo-rewrite\jestAdapterInit.js:170:21)
        at jestAdapter (E:\Resonate-Website\node_modules\jest-circus\build\legacy-code-todo-rewrite\jestAdapter.js:82:19)
        at runTestInternal (E:\Resonate-Website\node_modules\jest-runner\build\runTest.js:389:16)
        at runTest (E:\Resonate-Website\node_modules\jest-runner\build\runTest.js:475:34)
        at TestRunner.runTests (E:\Resonate-Website\node_modules\jest-runner\build\index.js:101:12)
        at TestScheduler.scheduleTests (E:\Resonate-Website\node_modules\@jest\core\build\TestScheduler.js:333:13)
        at runJest (E:\Resonate-Website\node_modules\@jest\core\build\runJest.js:404:19)
        at _run10000 (E:\Resonate-Website\node_modules\@jest\core\build\cli\index.js:320:7)
        at runCLI (E:\Resonate-Website\node_modules\@jest\core\build\cli\index.js:173:3)
        at Object.run (E:\Resonate-Website\node_modules\jest-cli\build\cli\index.js:155:37)

      at VirtualConsole.<anonymous> (node_modules/jsdom/lib/jsdom/virtual-console.js:29:45)
      at reportException (node_modules/jsdom/lib/jsdom/living/helpers/runtime-script-errors.js:70:28)
      at innerInvokeEventListeners (node_modules/jsdom/lib/jsdom/living/events/EventTarget-impl.js:341:9)
      at invokeEventListeners (node_modules/jsdom/lib/jsdom/living/events/EventTarget-impl.js:274:3)
      at HTMLUnknownElementImpl._dispatch (node_modules/jsdom/lib/jsdom/living/events/EventTarget-impl.js:221:9)
      at HTMLUnknownElementImpl.dispatchEvent (node_modules/jsdom/lib/jsdom/living/events/EventTarget-impl.js:94:17)
      at HTMLUnknownElement.dispatchEvent (node_modules/jsdom/lib/jsdom/living/generated/EventTarget.js:231:34)
      at Object.invokeGuardedCallbackDev (node_modules/react-dom/cjs/react-dom.development.js:4213:16)
      at invokeGuardedCallback (node_modules/react-dom/cjs/react-dom.development.js:4277:31)
      at reportUncaughtErrorInDEV (node_modules/react-dom/cjs/react-dom.development.js:22838:5)
      at captureCommitPhaseError (node_modules/react-dom/cjs/react-dom.development.js:27126:5)
      at safelyCallDestroy (node_modules/react-dom/cjs/react-dom.development.js:22934:5)
      at commitHookEffectListUnmount (node_modules/react-dom/cjs/react-dom.development.js:23100:11)
      at commitPassiveUnmountInsideDeletedTreeOnFiber (node_modules/react-dom/cjs/react-dom.development.js:25101:11)
      at commitPassiveUnmountEffectsInsideOfDeletedTree_begin (node_modules/react-dom/cjs/react-dom.development.js:25048:5)
      at commitPassiveUnmountEffects_begin (node_modules/react-dom/cjs/react-dom.development.js:24956:11)
      at commitPassiveUnmountEffects (node_modules/react-dom/cjs/react-dom.development.js:24941:3)
      at flushPassiveEffectsImpl (node_modules/react-dom/cjs/react-dom.development.js:27038:3)
      at flushPassiveEffects (node_modules/react-dom/cjs/react-dom.development.js:26984:14)
      at commitRootImpl (node_modules/react-dom/cjs/react-dom.development.js:26935:5)
      at commitRoot (node_modules/react-dom/cjs/react-dom.development.js:26682:5)
      at performSyncWorkOnRoot (node_modules/react-dom/cjs/react-dom.development.js:26117:3)
      at flushSyncCallbacks (node_modules/react-dom/cjs/react-dom.development.js:12042:22)
      at flushSync (node_modules/react-dom/cjs/react-dom.development.js:26201:7)
      at ReactDOMRoot.Object.<anonymous>.ReactDOMHydrationRoot.unmount.ReactDOMRoot.unmount [as unmount] (node_modules/react-dom/cjs/react-dom.development.js:29336:5)
      at Object.unmount (node_modules/@testing-library/react/dist/pure.js:126:12)
      at node_modules/@testing-library/react/dist/pure.js:262:12
      at node_modules/@testing-library/react/dist/act-compat.js:64:24
      at act (node_modules/react/cjs/react.development.js:2512:16)
      at node_modules/@testing-library/react/dist/act-compat.js:63:25
      at node_modules/@testing-library/react/dist/pure.js:261:28
          at Array.forEach (<anonymous>)
      at cleanup (node_modules/@testing-library/react/dist/pure.js:257:22)
      at Object.<anonymous> (node_modules/@testing-library/react/dist/index.js:35:25)

  console.error
    Error: Uncaught [TypeError: Cannot read properties of undefined (reading 'revert')]
        at reportException (E:\Resonate-Website\node_modules\jsdom\lib\jsdom\living\helpers\runtime-script-errors.js:66:24)
        at innerInvokeEventListeners (E:\Resonate-Website\node_modules\jsdom\lib\jsdom\living\events\EventTarget-impl.js:341:9)
        at invokeEventListeners (E:\Resonate-Website\node_modules\jsdom\lib\jsdom\living\events\EventTarget-impl.js:274:3)
        at HTMLUnknownElementImpl._dispatch (E:\Resonate-Website\node_modules\jsdom\lib\jsdom\living\events\EventTarget-impl.js:221:9)
        at HTMLUnknownElementImpl.dispatchEvent (E:\Resonate-Website\node_modules\jsdom\lib\jsdom\living\events\EventTarget-impl.js:94:17)
        at HTMLUnknownElement.dispatchEvent (E:\Resonate-Website\node_modules\jsdom\lib\jsdom\living\generated\EventTarget.js:231:34)
        at Object.invokeGuardedCallbackDev (E:\Resonate-Website\node_modules\react-dom\cjs\react-dom.development.js:4213:16)
        at invokeGuardedCallback (E:\Resonate-Website\node_modules\react-dom\cjs\react-dom.development.js:4277:31)
        at reportUncaughtErrorInDEV (E:\Resonate-Website\node_modules\react-dom\cjs\react-dom.development.js:22838:5)
        at captureCommitPhaseError (E:\Resonate-Website\node_modules\react-dom\cjs\react-dom.development.js:27126:5)
        at safelyCallDestroy (E:\Resonate-Website\node_modules\react-dom\cjs\react-dom.development.js:22934:5)
        at commitHookEffectListUnmount (E:\Resonate-Website\node_modules\react-dom\cjs\react-dom.development.js:23100:11)
        at commitPassiveUnmountInsideDeletedTreeOnFiber (E:\Resonate-Website\node_modules\react-dom\cjs\react-dom.development.js:25101:11)
        at commitPassiveUnmountEffectsInsideOfDeletedTree_begin (E:\Resonate-Website\node_modules\react-dom\cjs\react-dom.development.js:25048:5)
        at commitPassiveUnmountEffects_begin (E:\Resonate-Website\node_modules\react-dom\cjs\react-dom.development.js:24956:11)
        at commitPassiveUnmountEffects (E:\Resonate-Website\node_modules\react-dom\cjs\react-dom.development.js:24941:3)
        at flushPassiveEffectsImpl (E:\Resonate-Website\node_modules\react-dom\cjs\react-dom.development.js:27038:3)
        at flushPassiveEffects (E:\Resonate-Website\node_modules\react-dom\cjs\react-dom.development.js:26984:14)
        at commitRootImpl (E:\Resonate-Website\node_modules\react-dom\cjs\react-dom.development.js:26935:5)
        at commitRoot (E:\Resonate-Website\node_modules\react-dom\cjs\react-dom.development.js:26682:5)
        at performSyncWorkOnRoot (E:\Resonate-Website\node_modules\react-dom\cjs\react-dom.development.js:26117:3)
        at flushSyncCallbacks (E:\Resonate-Website\node_modules\react-dom\cjs\react-dom.development.js:12042:22)
        at flushSync (E:\Resonate-Website\node_modules\react-dom\cjs\react-dom.development.js:26201:7)
        at ReactDOMRoot.Object.<anonymous>.ReactDOMHydrationRoot.unmount.ReactDOMRoot.unmount [as unmount] (E:\Resonate-Website\node_modules\react-dom\cjs\react-dom.development.js:29336:5)
        at Object.unmount (E:\Resonate-Website\node_modules\@testing-library\react\dist\pure.js:126:12)
        at E:\Resonate-Website\node_modules\@testing-library\react\dist\pure.js:262:12
        at E:\Resonate-Website\node_modules\@testing-library\react\dist\act-compat.js:64:24
        at act (E:\Resonate-Website\node_modules\react\cjs\react.development.js:2512:16)
        at E:\Resonate-Website\node_modules\@testing-library\react\dist\act-compat.js:63:25
        at E:\Resonate-Website\node_modules\@testing-library\react\dist\pure.js:261:28
        at Array.forEach (<anonymous>)
        at cleanup (E:\Resonate-Website\node_modules\@testing-library\react\dist\pure.js:257:22)
        at Object.<anonymous> (E:\Resonate-Website\node_modules\@testing-library\react\dist\index.js:35:25)
        at Promise.then.completed (E:\Resonate-Website\node_modules\jest-circus\build\utils.js:391:28)
        at new Promise (<anonymous>)
        at callAsyncCircusFn (E:\Resonate-Website\node_modules\jest-circus\build\utils.js:316:10)
        at _callCircusHook (E:\Resonate-Website\node_modules\jest-circus\build\run.js:181:40)
        at _runTest (E:\Resonate-Website\node_modules\jest-circus\build\run.js:158:5)
        at _runTestsForDescribeBlock (E:\Resonate-Website\node_modules\jest-circus\build\run.js:66:9)
        at run (E:\Resonate-Website\node_modules\jest-circus\build\run.js:25:3)
        at runAndTransformResultsToJestFormat (E:\Resonate-Website\node_modules\jest-circus\build\legacy-code-todo-rewrite\jestAdapterInit.js:170:21)
        at jestAdapter (E:\Resonate-Website\node_modules\jest-circus\build\legacy-code-todo-rewrite\jestAdapter.js:82:19)
        at runTestInternal (E:\Resonate-Website\node_modules\jest-runner\build\runTest.js:389:16)
        at runTest (E:\Resonate-Website\node_modules\jest-runner\build\runTest.js:475:34)
        at TestRunner.runTests (E:\Resonate-Website\node_modules\jest-runner\build\index.js:101:12)
        at TestScheduler.scheduleTests (E:\Resonate-Website\node_modules\@jest\core\build\TestScheduler.js:333:13)
        at runJest (E:\Resonate-Website\node_modules\@jest\core\build\runJest.js:404:19)
        at _run10000 (E:\Resonate-Website\node_modules\@jest\core\build\cli\index.js:320:7)
        at runCLI (E:\Resonate-Website\node_modules\@jest\core\build\cli\index.js:173:3)
        at Object.run (E:\Resonate-Website\node_modules\jest-cli\build\cli\index.js:155:37) TypeError: Cannot read properties of undefined (reading 'revert')
        at E:\Resonate-Website\src\components\VoiceDemo\VoiceDemo.js:83:26
        at safelyCallDestroy (E:\Resonate-Website\node_modules\react-dom\cjs\react-dom.development.js:22932:5)
        at commitHookEffectListUnmount (E:\Resonate-Website\node_modules\react-dom\cjs\react-dom.development.js:23100:11)
        at commitPassiveUnmountInsideDeletedTreeOnFiber (E:\Resonate-Website\node_modules\react-dom\cjs\react-dom.development.js:25101:11)
        at commitPassiveUnmountEffectsInsideOfDeletedTree_begin (E:\Resonate-Website\node_modules\react-dom\cjs\react-dom.development.js:25048:5)
        at commitPassiveUnmountEffects_begin (E:\Resonate-Website\node_modules\react-dom\cjs\react-dom.development.js:24956:11)
        at commitPassiveUnmountEffects (E:\Resonate-Website\node_modules\react-dom\cjs\react-dom.development.js:24941:3)
        at flushPassiveEffectsImpl (E:\Resonate-Website\node_modules\react-dom\cjs\react-dom.development.js:27038:3)
        at flushPassiveEffects (E:\Resonate-Website\node_modules\react-dom\cjs\react-dom.development.js:26984:14)
        at commitRootImpl (E:\Resonate-Website\node_modules\react-dom\cjs\react-dom.development.js:26935:5)
        at commitRoot (E:\Resonate-Website\node_modules\react-dom\cjs\react-dom.development.js:26682:5)
        at performSyncWorkOnRoot (E:\Resonate-Website\node_modules\react-dom\cjs\react-dom.development.js:26117:3)
        at flushSyncCallbacks (E:\Resonate-Website\node_modules\react-dom\cjs\react-dom.development.js:12042:22)
        at flushSync (E:\Resonate-Website\node_modules\react-dom\cjs\react-dom.development.js:26201:7)
        at ReactDOMRoot.Object.<anonymous>.ReactDOMHydrationRoot.unmount.ReactDOMRoot.unmount [as unmount] (E:\Resonate-Website\node_modules\react-dom\cjs\react-dom.development.js:29336:5)
        at Object.unmount (E:\Resonate-Website\node_modules\@testing-library\react\dist\pure.js:126:12)
        at E:\Resonate-Website\node_modules\@testing-library\react\dist\pure.js:262:12
        at E:\Resonate-Website\node_modules\@testing-library\react\dist\act-compat.js:64:24
        at act (E:\Resonate-Website\node_modules\react\cjs\react.development.js:2512:16)
        at E:\Resonate-Website\node_modules\@testing-library\react\dist\act-compat.js:63:25
        at E:\Resonate-Website\node_modules\@testing-library\react\dist\pure.js:261:28
        at Array.forEach (<anonymous>)
        at cleanup (E:\Resonate-Website\node_modules\@testing-library\react\dist\pure.js:257:22)
        at Object.<anonymous> (E:\Resonate-Website\node_modules\@testing-library\react\dist\index.js:35:25)
        at Promise.then.completed (E:\Resonate-Website\node_modules\jest-circus\build\utils.js:391:28)
        at new Promise (<anonymous>)
        at callAsyncCircusFn (E:\Resonate-Website\node_modules\jest-circus\build\utils.js:316:10)
        at _callCircusHook (E:\Resonate-Website\node_modules\jest-circus\build\run.js:181:40)
        at _runTest (E:\Resonate-Website\node_modules\jest-circus\build\run.js:158:5)
        at _runTestsForDescribeBlock (E:\Resonate-Website\node_modules\jest-circus\build\run.js:66:9)
        at run (E:\Resonate-Website\node_modules\jest-circus\build\run.js:25:3)
        at runAndTransformResultsToJestFormat (E:\Resonate-Website\node_modules\jest-circus\build\legacy-code-todo-rewrite\jestAdapterInit.js:170:21)
        at jestAdapter (E:\Resonate-Website\node_modules\jest-circus\build\legacy-code-todo-rewrite\jestAdapter.js:82:19)
        at runTestInternal (E:\Resonate-Website\node_modules\jest-runner\build\runTest.js:389:16)
        at runTest (E:\Resonate-Website\node_modules\jest-runner\build\runTest.js:475:34)
        at TestRunner.runTests (E:\Resonate-Website\node_modules\jest-runner\build\index.js:101:12)
        at TestScheduler.scheduleTests (E:\Resonate-Website\node_modules\@jest\core\build\TestScheduler.js:333:13)
        at runJest (E:\Resonate-Website\node_modules\@jest\core\build\runJest.js:404:19)
        at _run10000 (E:\Resonate-Website\node_modules\@jest\core\build\cli\index.js:320:7)
        at runCLI (E:\Resonate-Website\node_modules\@jest\core\build\cli\index.js:173:3)
        at Object.run (E:\Resonate-Website\node_modules\jest-cli\build\cli\index.js:155:37)

      at VirtualConsole.<anonymous> (node_modules/jsdom/lib/jsdom/virtual-console.js:29:45)
      at reportException (node_modules/jsdom/lib/jsdom/living/helpers/runtime-script-errors.js:70:28)
      at innerInvokeEventListeners (node_modules/jsdom/lib/jsdom/living/events/EventTarget-impl.js:341:9)
      at invokeEventListeners (node_modules/jsdom/lib/jsdom/living/events/EventTarget-impl.js:274:3)
      at HTMLUnknownElementImpl._dispatch (node_modules/jsdom/lib/jsdom/living/events/EventTarget-impl.js:221:9)
      at HTMLUnknownElementImpl.dispatchEvent (node_modules/jsdom/lib/jsdom/living/events/EventTarget-impl.js:94:17)
      at HTMLUnknownElement.dispatchEvent (node_modules/jsdom/lib/jsdom/living/generated/EventTarget.js:231:34)
      at Object.invokeGuardedCallbackDev (node_modules/react-dom/cjs/react-dom.development.js:4213:16)
      at invokeGuardedCallback (node_modules/react-dom/cjs/react-dom.development.js:4277:31)
      at reportUncaughtErrorInDEV (node_modules/react-dom/cjs/react-dom.development.js:22838:5)
      at captureCommitPhaseError (node_modules/react-dom/cjs/react-dom.development.js:27126:5)
      at safelyCallDestroy (node_modules/react-dom/cjs/react-dom.development.js:22934:5)
      at commitHookEffectListUnmount (node_modules/react-dom/cjs/react-dom.development.js:23100:11)
      at commitPassiveUnmountInsideDeletedTreeOnFiber (node_modules/react-dom/cjs/react-dom.development.js:25101:11)
      at commitPassiveUnmountEffectsInsideOfDeletedTree_begin (node_modules/react-dom/cjs/react-dom.development.js:25048:5)
      at commitPassiveUnmountEffects_begin (node_modules/react-dom/cjs/react-dom.development.js:24956:11)
      at commitPassiveUnmountEffects (node_modules/react-dom/cjs/react-dom.development.js:24941:3)
      at flushPassiveEffectsImpl (node_modules/react-dom/cjs/react-dom.development.js:27038:3)
      at flushPassiveEffects (node_modules/react-dom/cjs/react-dom.development.js:26984:14)
      at commitRootImpl (node_modules/react-dom/cjs/react-dom.development.js:26935:5)
      at commitRoot (node_modules/react-dom/cjs/react-dom.development.js:26682:5)
      at performSyncWorkOnRoot (node_modules/react-dom/cjs/react-dom.development.js:26117:3)
      at flushSyncCallbacks (node_modules/react-dom/cjs/react-dom.development.js:12042:22)
      at flushSync (node_modules/react-dom/cjs/react-dom.development.js:26201:7)
      at ReactDOMRoot.Object.<anonymous>.ReactDOMHydrationRoot.unmount.ReactDOMRoot.unmount [as unmount] (node_modules/react-dom/cjs/react-dom.development.js:29336:5)
      at Object.unmount (node_modules/@testing-library/react/dist/pure.js:126:12)
      at node_modules/@testing-library/react/dist/pure.js:262:12
      at node_modules/@testing-library/react/dist/act-compat.js:64:24
      at act (node_modules/react/cjs/react.development.js:2512:16)
      at node_modules/@testing-library/react/dist/act-compat.js:63:25
      at node_modules/@testing-library/react/dist/pure.js:261:28
          at Array.forEach (<anonymous>)
      at cleanup (node_modules/@testing-library/react/dist/pure.js:257:22)
      at Object.<anonymous> (node_modules/@testing-library/react/dist/index.js:35:25)

  console.error
    Error: Uncaught [TypeError: Cannot read properties of undefined (reading 'revert')]
        at reportException (E:\Resonate-Website\node_modules\jsdom\lib\jsdom\living\helpers\runtime-script-errors.js:66:24)
        at innerInvokeEventListeners (E:\Resonate-Website\node_modules\jsdom\lib\jsdom\living\events\EventTarget-impl.js:341:9)
        at invokeEventListeners (E:\Resonate-Website\node_modules\jsdom\lib\jsdom\living\events\EventTarget-impl.js:274:3)
        at HTMLUnknownElementImpl._dispatch (E:\Resonate-Website\node_modules\jsdom\lib\jsdom\living\events\EventTarget-impl.js:221:9)
        at HTMLUnknownElementImpl.dispatchEvent (E:\Resonate-Website\node_modules\jsdom\lib\jsdom\living\events\EventTarget-impl.js:94:17)
        at HTMLUnknownElement.dispatchEvent (E:\Resonate-Website\node_modules\jsdom\lib\jsdom\living\generated\EventTarget.js:231:34)
        at Object.invokeGuardedCallbackDev (E:\Resonate-Website\node_modules\react-dom\cjs\react-dom.development.js:4213:16)
        at invokeGuardedCallback (E:\Resonate-Website\node_modules\react-dom\cjs\react-dom.development.js:4277:31)
        at reportUncaughtErrorInDEV (E:\Resonate-Website\node_modules\react-dom\cjs\react-dom.development.js:22838:5)
        at captureCommitPhaseError (E:\Resonate-Website\node_modules\react-dom\cjs\react-dom.development.js:27126:5)
        at safelyCallDestroy (E:\Resonate-Website\node_modules\react-dom\cjs\react-dom.development.js:22934:5)
        at commitHookEffectListUnmount (E:\Resonate-Website\node_modules\react-dom\cjs\react-dom.development.js:23100:11)
        at commitPassiveUnmountInsideDeletedTreeOnFiber (E:\Resonate-Website\node_modules\react-dom\cjs\react-dom.development.js:25101:11)
        at commitPassiveUnmountEffectsInsideOfDeletedTree_begin (E:\Resonate-Website\node_modules\react-dom\cjs\react-dom.development.js:25048:5)
        at commitPassiveUnmountEffects_begin (E:\Resonate-Website\node_modules\react-dom\cjs\react-dom.development.js:24956:11)
        at commitPassiveUnmountEffects (E:\Resonate-Website\node_modules\react-dom\cjs\react-dom.development.js:24941:3)
        at flushPassiveEffectsImpl (E:\Resonate-Website\node_modules\react-dom\cjs\react-dom.development.js:27038:3)
        at flushPassiveEffects (E:\Resonate-Website\node_modules\react-dom\cjs\react-dom.development.js:26984:14)
        at commitRootImpl (E:\Resonate-Website\node_modules\react-dom\cjs\react-dom.development.js:26935:5)
        at commitRoot (E:\Resonate-Website\node_modules\react-dom\cjs\react-dom.development.js:26682:5)
        at performSyncWorkOnRoot (E:\Resonate-Website\node_modules\react-dom\cjs\react-dom.development.js:26117:3)
        at flushSyncCallbacks (E:\Resonate-Website\node_modules\react-dom\cjs\react-dom.development.js:12042:22)
        at flushSync (E:\Resonate-Website\node_modules\react-dom\cjs\react-dom.development.js:26201:7)
        at ReactDOMRoot.Object.<anonymous>.ReactDOMHydrationRoot.unmount.ReactDOMRoot.unmount [as unmount] (E:\Resonate-Website\node_modules\react-dom\cjs\react-dom.development.js:29336:5)
        at Object.unmount (E:\Resonate-Website\node_modules\@testing-library\react\dist\pure.js:126:12)
        at E:\Resonate-Website\node_modules\@testing-library\react\dist\pure.js:262:12
        at E:\Resonate-Website\node_modules\@testing-library\react\dist\act-compat.js:64:24
        at act (E:\Resonate-Website\node_modules\react\cjs\react.development.js:2512:16)
        at E:\Resonate-Website\node_modules\@testing-library\react\dist\act-compat.js:63:25
        at E:\Resonate-Website\node_modules\@testing-library\react\dist\pure.js:261:28
        at Array.forEach (<anonymous>)
        at cleanup (E:\Resonate-Website\node_modules\@testing-library\react\dist\pure.js:257:22)
        at Object.<anonymous> (E:\Resonate-Website\node_modules\@testing-library\react\dist\index.js:35:25)
        at Promise.then.completed (E:\Resonate-Website\node_modules\jest-circus\build\utils.js:391:28)
        at new Promise (<anonymous>)
        at callAsyncCircusFn (E:\Resonate-Website\node_modules\jest-circus\build\utils.js:316:10)
        at _callCircusHook (E:\Resonate-Website\node_modules\jest-circus\build\run.js:181:40)
        at _runTest (E:\Resonate-Website\node_modules\jest-circus\build\run.js:158:5)
        at _runTestsForDescribeBlock (E:\Resonate-Website\node_modules\jest-circus\build\run.js:66:9)
        at run (E:\Resonate-Website\node_modules\jest-circus\build\run.js:25:3)
        at runAndTransformResultsToJestFormat (E:\Resonate-Website\node_modules\jest-circus\build\legacy-code-todo-rewrite\jestAdapterInit.js:170:21)
        at jestAdapter (E:\Resonate-Website\node_modules\jest-circus\build\legacy-code-todo-rewrite\jestAdapter.js:82:19)
        at runTestInternal (E:\Resonate-Website\node_modules\jest-runner\build\runTest.js:389:16)
        at runTest (E:\Resonate-Website\node_modules\jest-runner\build\runTest.js:475:34)
        at TestRunner.runTests (E:\Resonate-Website\node_modules\jest-runner\build\index.js:101:12)
        at TestScheduler.scheduleTests (E:\Resonate-Website\node_modules\@jest\core\build\TestScheduler.js:333:13)
        at runJest (E:\Resonate-Website\node_modules\@jest\core\build\runJest.js:404:19)
        at _run10000 (E:\Resonate-Website\node_modules\@jest\core\build\cli\index.js:320:7)
        at runCLI (E:\Resonate-Website\node_modules\@jest\core\build\cli\index.js:173:3)
        at Object.run (E:\Resonate-Website\node_modules\jest-cli\build\cli\index.js:155:37) TypeError: Cannot read properties of undefined (reading 'revert')
        at E:\Resonate-Website\src\components\TechStack\TechStack.js:75:22
        at safelyCallDestroy (E:\Resonate-Website\node_modules\react-dom\cjs\react-dom.development.js:22932:5)
        at commitHookEffectListUnmount (E:\Resonate-Website\node_modules\react-dom\cjs\react-dom.development.js:23100:11)
        at commitPassiveUnmountInsideDeletedTreeOnFiber (E:\Resonate-Website\node_modules\react-dom\cjs\react-dom.development.js:25101:11)
        at commitPassiveUnmountEffectsInsideOfDeletedTree_begin (E:\Resonate-Website\node_modules\react-dom\cjs\react-dom.development.js:25048:5)
        at commitPassiveUnmountEffects_begin (E:\Resonate-Website\node_modules\react-dom\cjs\react-dom.development.js:24956:11)
        at commitPassiveUnmountEffects (E:\Resonate-Website\node_modules\react-dom\cjs\react-dom.development.js:24941:3)
        at flushPassiveEffectsImpl (E:\Resonate-Website\node_modules\react-dom\cjs\react-dom.development.js:27038:3)
        at flushPassiveEffects (E:\Resonate-Website\node_modules\react-dom\cjs\react-dom.development.js:26984:14)
        at commitRootImpl (E:\Resonate-Website\node_modules\react-dom\cjs\react-dom.development.js:26935:5)
        at commitRoot (E:\Resonate-Website\node_modules\react-dom\cjs\react-dom.development.js:26682:5)
        at performSyncWorkOnRoot (E:\Resonate-Website\node_modules\react-dom\cjs\react-dom.development.js:26117:3)
        at flushSyncCallbacks (E:\Resonate-Website\node_modules\react-dom\cjs\react-dom.development.js:12042:22)
        at flushSync (E:\Resonate-Website\node_modules\react-dom\cjs\react-dom.development.js:26201:7)
        at ReactDOMRoot.Object.<anonymous>.ReactDOMHydrationRoot.unmount.ReactDOMRoot.unmount [as unmount] (E:\Resonate-Website\node_modules\react-dom\cjs\react-dom.development.js:29336:5)
        at Object.unmount (E:\Resonate-Website\node_modules\@testing-library\react\dist\pure.js:126:12)
        at E:\Resonate-Website\node_modules\@testing-library\react\dist\pure.js:262:12
        at E:\Resonate-Website\node_modules\@testing-library\react\dist\act-compat.js:64:24
        at act (E:\Resonate-Website\node_modules\react\cjs\react.development.js:2512:16)
        at E:\Resonate-Website\node_modules\@testing-library\react\dist\act-compat.js:63:25
        at E:\Resonate-Website\node_modules\@testing-library\react\dist\pure.js:261:28
        at Array.forEach (<anonymous>)
        at cleanup (E:\Resonate-Website\node_modules\@testing-library\react\dist\pure.js:257:22)
        at Object.<anonymous> (E:\Resonate-Website\node_modules\@testing-library\react\dist\index.js:35:25)
        at Promise.then.completed (E:\Resonate-Website\node_modules\jest-circus\build\utils.js:391:28)
        at new Promise (<anonymous>)
        at callAsyncCircusFn (E:\Resonate-Website\node_modules\jest-circus\build\utils.js:316:10)
        at _callCircusHook (E:\Resonate-Website\node_modules\jest-circus\build\run.js:181:40)
        at _runTest (E:\Resonate-Website\node_modules\jest-circus\build\run.js:158:5)
        at _runTestsForDescribeBlock (E:\Resonate-Website\node_modules\jest-circus\build\run.js:66:9)
        at run (E:\Resonate-Website\node_modules\jest-circus\build\run.js:25:3)
        at runAndTransformResultsToJestFormat (E:\Resonate-Website\node_modules\jest-circus\build\legacy-code-todo-rewrite\jestAdapterInit.js:170:21)
        at jestAdapter (E:\Resonate-Website\node_modules\jest-circus\build\legacy-code-todo-rewrite\jestAdapter.js:82:19)
        at runTestInternal (E:\Resonate-Website\node_modules\jest-runner\build\runTest.js:389:16)
        at runTest (E:\Resonate-Website\node_modules\jest-runner\build\runTest.js:475:34)
        at TestRunner.runTests (E:\Resonate-Website\node_modules\jest-runner\build\index.js:101:12)
        at TestScheduler.scheduleTests (E:\Resonate-Website\node_modules\@jest\core\build\TestScheduler.js:333:13)
        at runJest (E:\Resonate-Website\node_modules\@jest\core\build\runJest.js:404:19)
        at _run10000 (E:\Resonate-Website\node_modules\@jest\core\build\cli\index.js:320:7)
        at runCLI (E:\Resonate-Website\node_modules\@jest\core\build\cli\index.js:173:3)
        at Object.run (E:\Resonate-Website\node_modules\jest-cli\build\cli\index.js:155:37)

      at VirtualConsole.<anonymous> (node_modules/jsdom/lib/jsdom/virtual-console.js:29:45)
      at reportException (node_modules/jsdom/lib/jsdom/living/helpers/runtime-script-errors.js:70:28)
      at innerInvokeEventListeners (node_modules/jsdom/lib/jsdom/living/events/EventTarget-impl.js:341:9)
      at invokeEventListeners (node_modules/jsdom/lib/jsdom/living/events/EventTarget-impl.js:274:3)
      at HTMLUnknownElementImpl._dispatch (node_modules/jsdom/lib/jsdom/living/events/EventTarget-impl.js:221:9)
      at HTMLUnknownElementImpl.dispatchEvent (node_modules/jsdom/lib/jsdom/living/events/EventTarget-impl.js:94:17)
      at HTMLUnknownElement.dispatchEvent (node_modules/jsdom/lib/jsdom/living/generated/EventTarget.js:231:34)
      at Object.invokeGuardedCallbackDev (node_modules/react-dom/cjs/react-dom.development.js:4213:16)
      at invokeGuardedCallback (node_modules/react-dom/cjs/react-dom.development.js:4277:31)
      at reportUncaughtErrorInDEV (node_modules/react-dom/cjs/react-dom.development.js:22838:5)
      at captureCommitPhaseError (node_modules/react-dom/cjs/react-dom.development.js:27126:5)
      at safelyCallDestroy (node_modules/react-dom/cjs/react-dom.development.js:22934:5)
      at commitHookEffectListUnmount (node_modules/react-dom/cjs/react-dom.development.js:23100:11)
      at commitPassiveUnmountInsideDeletedTreeOnFiber (node_modules/react-dom/cjs/react-dom.development.js:25101:11)
      at commitPassiveUnmountEffectsInsideOfDeletedTree_begin (node_modules/react-dom/cjs/react-dom.development.js:25048:5)
      at commitPassiveUnmountEffects_begin (node_modules/react-dom/cjs/react-dom.development.js:24956:11)
      at commitPassiveUnmountEffects (node_modules/react-dom/cjs/react-dom.development.js:24941:3)
      at flushPassiveEffectsImpl (node_modules/react-dom/cjs/react-dom.development.js:27038:3)
      at flushPassiveEffects (node_modules/react-dom/cjs/react-dom.development.js:26984:14)
      at commitRootImpl (node_modules/react-dom/cjs/react-dom.development.js:26935:5)
      at commitRoot (node_modules/react-dom/cjs/react-dom.development.js:26682:5)
      at performSyncWorkOnRoot (node_modules/react-dom/cjs/react-dom.development.js:26117:3)
      at flushSyncCallbacks (node_modules/react-dom/cjs/react-dom.development.js:12042:22)
      at flushSync (node_modules/react-dom/cjs/react-dom.development.js:26201:7)
      at ReactDOMRoot.Object.<anonymous>.ReactDOMHydrationRoot.unmount.ReactDOMRoot.unmount [as unmount] (node_modules/react-dom/cjs/react-dom.development.js:29336:5)
      at Object.unmount (node_modules/@testing-library/react/dist/pure.js:126:12)
      at node_modules/@testing-library/react/dist/pure.js:262:12
      at node_modules/@testing-library/react/dist/act-compat.js:64:24
      at act (node_modules/react/cjs/react.development.js:2512:16)
      at node_modules/@testing-library/react/dist/act-compat.js:63:25
      at node_modules/@testing-library/react/dist/pure.js:261:28
          at Array.forEach (<anonymous>)
      at cleanup (node_modules/@testing-library/react/dist/pure.js:257:22)
      at Object.<anonymous> (node_modules/@testing-library/react/dist/index.js:35:25)

  console.error
    Error: Uncaught [TypeError: Cannot read properties of undefined (reading 'revert')]
        at reportException (E:\Resonate-Website\node_modules\jsdom\lib\jsdom\living\helpers\runtime-script-errors.js:66:24)
        at innerInvokeEventListeners (E:\Resonate-Website\node_modules\jsdom\lib\jsdom\living\events\EventTarget-impl.js:341:9)
        at invokeEventListeners (E:\Resonate-Website\node_modules\jsdom\lib\jsdom\living\events\EventTarget-impl.js:274:3)
        at HTMLUnknownElementImpl._dispatch (E:\Resonate-Website\node_modules\jsdom\lib\jsdom\living\events\EventTarget-impl.js:221:9)
        at HTMLUnknownElementImpl.dispatchEvent (E:\Resonate-Website\node_modules\jsdom\lib\jsdom\living\events\EventTarget-impl.js:94:17)
        at HTMLUnknownElement.dispatchEvent (E:\Resonate-Website\node_modules\jsdom\lib\jsdom\living\generated\EventTarget.js:231:34)
        at Object.invokeGuardedCallbackDev (E:\Resonate-Website\node_modules\react-dom\cjs\react-dom.development.js:4213:16)
        at invokeGuardedCallback (E:\Resonate-Website\node_modules\react-dom\cjs\react-dom.development.js:4277:31)
        at reportUncaughtErrorInDEV (E:\Resonate-Website\node_modules\react-dom\cjs\react-dom.development.js:22838:5)
        at captureCommitPhaseError (E:\Resonate-Website\node_modules\react-dom\cjs\react-dom.development.js:27126:5)
        at safelyCallDestroy (E:\Resonate-Website\node_modules\react-dom\cjs\react-dom.development.js:22934:5)
        at commitHookEffectListUnmount (E:\Resonate-Website\node_modules\react-dom\cjs\react-dom.development.js:23100:11)
        at commitPassiveUnmountInsideDeletedTreeOnFiber (E:\Resonate-Website\node_modules\react-dom\cjs\react-dom.development.js:25101:11)
        at commitPassiveUnmountEffectsInsideOfDeletedTree_begin (E:\Resonate-Website\node_modules\react-dom\cjs\react-dom.development.js:25048:5)
        at commitPassiveUnmountEffects_begin (E:\Resonate-Website\node_modules\react-dom\cjs\react-dom.development.js:24956:11)
        at commitPassiveUnmountEffects (E:\Resonate-Website\node_modules\react-dom\cjs\react-dom.development.js:24941:3)
        at flushPassiveEffectsImpl (E:\Resonate-Website\node_modules\react-dom\cjs\react-dom.development.js:27038:3)
        at flushPassiveEffects (E:\Resonate-Website\node_modules\react-dom\cjs\react-dom.development.js:26984:14)
        at commitRootImpl (E:\Resonate-Website\node_modules\react-dom\cjs\react-dom.development.js:26935:5)
        at commitRoot (E:\Resonate-Website\node_modules\react-dom\cjs\react-dom.development.js:26682:5)
        at performSyncWorkOnRoot (E:\Resonate-Website\node_modules\react-dom\cjs\react-dom.development.js:26117:3)
        at flushSyncCallbacks (E:\Resonate-Website\node_modules\react-dom\cjs\react-dom.development.js:12042:22)
        at flushSync (E:\Resonate-Website\node_modules\react-dom\cjs\react-dom.development.js:26201:7)
        at ReactDOMRoot.Object.<anonymous>.ReactDOMHydrationRoot.unmount.ReactDOMRoot.unmount [as unmount] (E:\Resonate-Website\node_modules\react-dom\cjs\react-dom.development.js:29336:5)
        at Object.unmount (E:\Resonate-Website\node_modules\@testing-library\react\dist\pure.js:126:12)
        at E:\Resonate-Website\node_modules\@testing-library\react\dist\pure.js:262:12
        at E:\Resonate-Website\node_modules\@testing-library\react\dist\act-compat.js:64:24
        at act (E:\Resonate-Website\node_modules\react\cjs\react.development.js:2512:16)
        at E:\Resonate-Website\node_modules\@testing-library\react\dist\act-compat.js:63:25
        at E:\Resonate-Website\node_modules\@testing-library\react\dist\pure.js:261:28
        at Array.forEach (<anonymous>)
        at cleanup (E:\Resonate-Website\node_modules\@testing-library\react\dist\pure.js:257:22)
        at Object.<anonymous> (E:\Resonate-Website\node_modules\@testing-library\react\dist\index.js:35:25)
        at Promise.then.completed (E:\Resonate-Website\node_modules\jest-circus\build\utils.js:391:28)
        at new Promise (<anonymous>)
        at callAsyncCircusFn (E:\Resonate-Website\node_modules\jest-circus\build\utils.js:316:10)
        at _callCircusHook (E:\Resonate-Website\node_modules\jest-circus\build\run.js:181:40)
        at _runTest (E:\Resonate-Website\node_modules\jest-circus\build\run.js:158:5)
        at _runTestsForDescribeBlock (E:\Resonate-Website\node_modules\jest-circus\build\run.js:66:9)
        at run (E:\Resonate-Website\node_modules\jest-circus\build\run.js:25:3)
        at runAndTransformResultsToJestFormat (E:\Resonate-Website\node_modules\jest-circus\build\legacy-code-todo-rewrite\jestAdapterInit.js:170:21)
        at jestAdapter (E:\Resonate-Website\node_modules\jest-circus\build\legacy-code-todo-rewrite\jestAdapter.js:82:19)
        at runTestInternal (E:\Resonate-Website\node_modules\jest-runner\build\runTest.js:389:16)
        at runTest (E:\Resonate-Website\node_modules\jest-runner\build\runTest.js:475:34)
        at TestRunner.runTests (E:\Resonate-Website\node_modules\jest-runner\build\index.js:101:12)
        at TestScheduler.scheduleTests (E:\Resonate-Website\node_modules\@jest\core\build\TestScheduler.js:333:13)
        at runJest (E:\Resonate-Website\node_modules\@jest\core\build\runJest.js:404:19)
        at _run10000 (E:\Resonate-Website\node_modules\@jest\core\build\cli\index.js:320:7)
        at runCLI (E:\Resonate-Website\node_modules\@jest\core\build\cli\index.js:173:3)
        at Object.run (E:\Resonate-Website\node_modules\jest-cli\build\cli\index.js:155:37) TypeError: Cannot read properties of undefined (reading 'revert')
        at E:\Resonate-Website\src\components\Testimonials\Testimonials.js:87:26
        at safelyCallDestroy (E:\Resonate-Website\node_modules\react-dom\cjs\react-dom.development.js:22932:5)
        at commitHookEffectListUnmount (E:\Resonate-Website\node_modules\react-dom\cjs\react-dom.development.js:23100:11)
        at commitPassiveUnmountInsideDeletedTreeOnFiber (E:\Resonate-Website\node_modules\react-dom\cjs\react-dom.development.js:25101:11)
        at commitPassiveUnmountEffectsInsideOfDeletedTree_begin (E:\Resonate-Website\node_modules\react-dom\cjs\react-dom.development.js:25048:5)
        at commitPassiveUnmountEffects_begin (E:\Resonate-Website\node_modules\react-dom\cjs\react-dom.development.js:24956:11)
        at commitPassiveUnmountEffects (E:\Resonate-Website\node_modules\react-dom\cjs\react-dom.development.js:24941:3)
        at flushPassiveEffectsImpl (E:\Resonate-Website\node_modules\react-dom\cjs\react-dom.development.js:27038:3)
        at flushPassiveEffects (E:\Resonate-Website\node_modules\react-dom\cjs\react-dom.development.js:26984:14)
        at commitRootImpl (E:\Resonate-Website\node_modules\react-dom\cjs\react-dom.development.js:26935:5)
        at commitRoot (E:\Resonate-Website\node_modules\react-dom\cjs\react-dom.development.js:26682:5)
        at performSyncWorkOnRoot (E:\Resonate-Website\node_modules\react-dom\cjs\react-dom.development.js:26117:3)
        at flushSyncCallbacks (E:\Resonate-Website\node_modules\react-dom\cjs\react-dom.development.js:12042:22)
        at flushSync (E:\Resonate-Website\node_modules\react-dom\cjs\react-dom.development.js:26201:7)
        at ReactDOMRoot.Object.<anonymous>.ReactDOMHydrationRoot.unmount.ReactDOMRoot.unmount [as unmount] (E:\Resonate-Website\node_modules\react-dom\cjs\react-dom.development.js:29336:5)
        at Object.unmount (E:\Resonate-Website\node_modules\@testing-library\react\dist\pure.js:126:12)
        at E:\Resonate-Website\node_modules\@testing-library\react\dist\pure.js:262:12
        at E:\Resonate-Website\node_modules\@testing-library\react\dist\act-compat.js:64:24
        at act (E:\Resonate-Website\node_modules\react\cjs\react.development.js:2512:16)
        at E:\Resonate-Website\node_modules\@testing-library\react\dist\act-compat.js:63:25
        at E:\Resonate-Website\node_modules\@testing-library\react\dist\pure.js:261:28
        at Array.forEach (<anonymous>)
        at cleanup (E:\Resonate-Website\node_modules\@testing-library\react\dist\pure.js:257:22)
        at Object.<anonymous> (E:\Resonate-Website\node_modules\@testing-library\react\dist\index.js:35:25)
        at Promise.then.completed (E:\Resonate-Website\node_modules\jest-circus\build\utils.js:391:28)
        at new Promise (<anonymous>)
        at callAsyncCircusFn (E:\Resonate-Website\node_modules\jest-circus\build\utils.js:316:10)
        at _callCircusHook (E:\Resonate-Website\node_modules\jest-circus\build\run.js:181:40)
        at _runTest (E:\Resonate-Website\node_modules\jest-circus\build\run.js:158:5)
        at _runTestsForDescribeBlock (E:\Resonate-Website\node_modules\jest-circus\build\run.js:66:9)
        at run (E:\Resonate-Website\node_modules\jest-circus\build\run.js:25:3)
        at runAndTransformResultsToJestFormat (E:\Resonate-Website\node_modules\jest-circus\build\legacy-code-todo-rewrite\jestAdapterInit.js:170:21)
        at jestAdapter (E:\Resonate-Website\node_modules\jest-circus\build\legacy-code-todo-rewrite\jestAdapter.js:82:19)
        at runTestInternal (E:\Resonate-Website\node_modules\jest-runner\build\runTest.js:389:16)
        at runTest (E:\Resonate-Website\node_modules\jest-runner\build\runTest.js:475:34)
        at TestRunner.runTests (E:\Resonate-Website\node_modules\jest-runner\build\index.js:101:12)
        at TestScheduler.scheduleTests (E:\Resonate-Website\node_modules\@jest\core\build\TestScheduler.js:333:13)
        at runJest (E:\Resonate-Website\node_modules\@jest\core\build\runJest.js:404:19)
        at _run10000 (E:\Resonate-Website\node_modules\@jest\core\build\cli\index.js:320:7)
        at runCLI (E:\Resonate-Website\node_modules\@jest\core\build\cli\index.js:173:3)
        at Object.run (E:\Resonate-Website\node_modules\jest-cli\build\cli\index.js:155:37)

      at VirtualConsole.<anonymous> (node_modules/jsdom/lib/jsdom/virtual-console.js:29:45)
      at reportException (node_modules/jsdom/lib/jsdom/living/helpers/runtime-script-errors.js:70:28)
      at innerInvokeEventListeners (node_modules/jsdom/lib/jsdom/living/events/EventTarget-impl.js:341:9)
      at invokeEventListeners (node_modules/jsdom/lib/jsdom/living/events/EventTarget-impl.js:274:3)
      at HTMLUnknownElementImpl._dispatch (node_modules/jsdom/lib/jsdom/living/events/EventTarget-impl.js:221:9)
      at HTMLUnknownElementImpl.dispatchEvent (node_modules/jsdom/lib/jsdom/living/events/EventTarget-impl.js:94:17)
      at HTMLUnknownElement.dispatchEvent (node_modules/jsdom/lib/jsdom/living/generated/EventTarget.js:231:34)
      at Object.invokeGuardedCallbackDev (node_modules/react-dom/cjs/react-dom.development.js:4213:16)
      at invokeGuardedCallback (node_modules/react-dom/cjs/react-dom.development.js:4277:31)
      at reportUncaughtErrorInDEV (node_modules/react-dom/cjs/react-dom.development.js:22838:5)
      at captureCommitPhaseError (node_modules/react-dom/cjs/react-dom.development.js:27126:5)
      at safelyCallDestroy (node_modules/react-dom/cjs/react-dom.development.js:22934:5)
      at commitHookEffectListUnmount (node_modules/react-dom/cjs/react-dom.development.js:23100:11)
      at commitPassiveUnmountInsideDeletedTreeOnFiber (node_modules/react-dom/cjs/react-dom.development.js:25101:11)
      at commitPassiveUnmountEffectsInsideOfDeletedTree_begin (node_modules/react-dom/cjs/react-dom.development.js:25048:5)
      at commitPassiveUnmountEffects_begin (node_modules/react-dom/cjs/react-dom.development.js:24956:11)
      at commitPassiveUnmountEffects (node_modules/react-dom/cjs/react-dom.development.js:24941:3)
      at flushPassiveEffectsImpl (node_modules/react-dom/cjs/react-dom.development.js:27038:3)
      at flushPassiveEffects (node_modules/react-dom/cjs/react-dom.development.js:26984:14)
      at commitRootImpl (node_modules/react-dom/cjs/react-dom.development.js:26935:5)
      at commitRoot (node_modules/react-dom/cjs/react-dom.development.js:26682:5)
      at performSyncWorkOnRoot (node_modules/react-dom/cjs/react-dom.development.js:26117:3)
      at flushSyncCallbacks (node_modules/react-dom/cjs/react-dom.development.js:12042:22)
      at flushSync (node_modules/react-dom/cjs/react-dom.development.js:26201:7)
      at ReactDOMRoot.Object.<anonymous>.ReactDOMHydrationRoot.unmount.ReactDOMRoot.unmount [as unmount] (node_modules/react-dom/cjs/react-dom.development.js:29336:5)
      at Object.unmount (node_modules/@testing-library/react/dist/pure.js:126:12)
      at node_modules/@testing-library/react/dist/pure.js:262:12
      at node_modules/@testing-library/react/dist/act-compat.js:64:24
      at act (node_modules/react/cjs/react.development.js:2512:16)
      at node_modules/@testing-library/react/dist/act-compat.js:63:25
      at node_modules/@testing-library/react/dist/pure.js:261:28
          at Array.forEach (<anonymous>)
      at cleanup (node_modules/@testing-library/react/dist/pure.js:257:22)
      at Object.<anonymous> (node_modules/@testing-library/react/dist/index.js:35:25)

  console.error
    The above error occurred in the <App> component:
    
        at App (E:\Resonate-Website\src\App.js:19:25)
    
    Consider adding an error boundary to your tree to customize error handling behavior.
    Visit https://reactjs.org/link/error-boundaries to learn more about error boundaries.

      at logCapturedError (node_modules/react-dom/cjs/react-dom.development.js:18687:23)
      at update.callback (node_modules/react-dom/cjs/react-dom.development.js:18720:5)
      at callCallback (node_modules/react-dom/cjs/react-dom.development.js:13923:12)
      at commitUpdateQueue (node_modules/react-dom/cjs/react-dom.development.js:13944:9)
      at commitLayoutEffectOnFiber (node_modules/react-dom/cjs/react-dom.development.js:23391:13)
      at commitLayoutMountEffects_complete (node_modules/react-dom/cjs/react-dom.development.js:24688:9)
      at commitLayoutEffects_begin (node_modules/react-dom/cjs/react-dom.development.js:24674:7)
      at commitLayoutEffects (node_modules/react-dom/cjs/react-dom.development.js:24612:3)
      at commitRootImpl (node_modules/react-dom/cjs/react-dom.development.js:26823:5)
      at commitRoot (node_modules/react-dom/cjs/react-dom.development.js:26682:5)
      at performSyncWorkOnRoot (node_modules/react-dom/cjs/react-dom.development.js:26117:3)
      at flushSyncCallbacks (node_modules/react-dom/cjs/react-dom.development.js:12042:22)
      at flushSync (node_modules/react-dom/cjs/react-dom.development.js:26201:7)
      at ReactDOMRoot.Object.<anonymous>.ReactDOMHydrationRoot.unmount.ReactDOMRoot.unmount [as unmount] (node_modules/react-dom/cjs/react-dom.development.js:29336:5)
      at Object.unmount (node_modules/@testing-library/react/dist/pure.js:126:12)
      at node_modules/@testing-library/react/dist/pure.js:262:12
      at node_modules/@testing-library/react/dist/act-compat.js:64:24
      at act (node_modules/react/cjs/react.development.js:2512:16)
      at node_modules/@testing-library/react/dist/act-compat.js:63:25
      at node_modules/@testing-library/react/dist/pure.js:261:28
          at Array.forEach (<anonymous>)
      at cleanup (node_modules/@testing-library/react/dist/pure.js:257:22)
      at Object.<anonymous> (node_modules/@testing-library/react/dist/index.js:35:25)
      at TestScheduler.scheduleTests (node_modules/@jest/core/build/TestScheduler.js:333:13)
      at runJest (node_modules/@jest/core/build/runJest.js:404:19)
      at _run10000 (node_modules/@jest/core/build/cli/index.js:320:7)
      at runCLI (node_modules/@jest/core/build/cli/index.js:173:3)

  console.error
    The above error occurred in the <VoiceDemo> component:
    
        at VoiceDemo (E:\Resonate-Website\src\components\VoiceDemo\VoiceDemo.js:15:32)
        at div
        at App (E:\Resonate-Website\src\App.js:19:25)
    
    Consider adding an error boundary to your tree to customize error handling behavior.
    Visit https://reactjs.org/link/error-boundaries to learn more about error boundaries.

      at logCapturedError (node_modules/react-dom/cjs/react-dom.development.js:18687:23)
      at update.callback (node_modules/react-dom/cjs/react-dom.development.js:18720:5)
      at callCallback (node_modules/react-dom/cjs/react-dom.development.js:13923:12)
      at commitUpdateQueue (node_modules/react-dom/cjs/react-dom.development.js:13944:9)
      at commitLayoutEffectOnFiber (node_modules/react-dom/cjs/react-dom.development.js:23391:13)
      at commitLayoutMountEffects_complete (node_modules/react-dom/cjs/react-dom.development.js:24688:9)
      at commitLayoutEffects_begin (node_modules/react-dom/cjs/react-dom.development.js:24674:7)
      at commitLayoutEffects (node_modules/react-dom/cjs/react-dom.development.js:24612:3)
      at commitRootImpl (node_modules/react-dom/cjs/react-dom.development.js:26823:5)
      at commitRoot (node_modules/react-dom/cjs/react-dom.development.js:26682:5)
      at performSyncWorkOnRoot (node_modules/react-dom/cjs/react-dom.development.js:26117:3)
      at flushSyncCallbacks (node_modules/react-dom/cjs/react-dom.development.js:12042:22)
      at flushSync (node_modules/react-dom/cjs/react-dom.development.js:26201:7)
      at ReactDOMRoot.Object.<anonymous>.ReactDOMHydrationRoot.unmount.ReactDOMRoot.unmount [as unmount] (node_modules/react-dom/cjs/react-dom.development.js:29336:5)
      at Object.unmount (node_modules/@testing-library/react/dist/pure.js:126:12)
      at node_modules/@testing-library/react/dist/pure.js:262:12
      at node_modules/@testing-library/react/dist/act-compat.js:64:24
      at act (node_modules/react/cjs/react.development.js:2512:16)
      at node_modules/@testing-library/react/dist/act-compat.js:63:25
      at node_modules/@testing-library/react/dist/pure.js:261:28
          at Array.forEach (<anonymous>)
      at cleanup (node_modules/@testing-library/react/dist/pure.js:257:22)
      at Object.<anonymous> (node_modules/@testing-library/react/dist/index.js:35:25)
      at TestScheduler.scheduleTests (node_modules/@jest/core/build/TestScheduler.js:333:13)
      at runJest (node_modules/@jest/core/build/runJest.js:404:19)
      at _run10000 (node_modules/@jest/core/build/cli/index.js:320:7)
      at runCLI (node_modules/@jest/core/build/cli/index.js:173:3)

  console.error
    The above error occurred in the <TechStack> component:
    
        at TechStack (E:\Resonate-Website\src\components\TechStack\TechStack.js:19:27)
        at div
        at App (E:\Resonate-Website\src\App.js:19:25)
    
    Consider adding an error boundary to your tree to customize error handling behavior.
    Visit https://reactjs.org/link/error-boundaries to learn more about error boundaries.

      at logCapturedError (node_modules/react-dom/cjs/react-dom.development.js:18687:23)
      at update.callback (node_modules/react-dom/cjs/react-dom.development.js:18720:5)
      at callCallback (node_modules/react-dom/cjs/react-dom.development.js:13923:12)
      at commitUpdateQueue (node_modules/react-dom/cjs/react-dom.development.js:13944:9)
      at commitLayoutEffectOnFiber (node_modules/react-dom/cjs/react-dom.development.js:23391:13)
      at commitLayoutMountEffects_complete (node_modules/react-dom/cjs/react-dom.development.js:24688:9)
      at commitLayoutEffects_begin (node_modules/react-dom/cjs/react-dom.development.js:24674:7)
      at commitLayoutEffects (node_modules/react-dom/cjs/react-dom.development.js:24612:3)
      at commitRootImpl (node_modules/react-dom/cjs/react-dom.development.js:26823:5)
      at commitRoot (node_modules/react-dom/cjs/react-dom.development.js:26682:5)
      at performSyncWorkOnRoot (node_modules/react-dom/cjs/react-dom.development.js:26117:3)
      at flushSyncCallbacks (node_modules/react-dom/cjs/react-dom.development.js:12042:22)
      at flushSync (node_modules/react-dom/cjs/react-dom.development.js:26201:7)
      at ReactDOMRoot.Object.<anonymous>.ReactDOMHydrationRoot.unmount.ReactDOMRoot.unmount [as unmount] (node_modules/react-dom/cjs/react-dom.development.js:29336:5)
      at Object.unmount (node_modules/@testing-library/react/dist/pure.js:126:12)
      at node_modules/@testing-library/react/dist/pure.js:262:12
      at node_modules/@testing-library/react/dist/act-compat.js:64:24
      at act (node_modules/react/cjs/react.development.js:2512:16)
      at node_modules/@testing-library/react/dist/act-compat.js:63:25
      at node_modules/@testing-library/react/dist/pure.js:261:28
          at Array.forEach (<anonymous>)
      at cleanup (node_modules/@testing-library/react/dist/pure.js:257:22)
      at Object.<anonymous> (node_modules/@testing-library/react/dist/index.js:35:25)
      at TestScheduler.scheduleTests (node_modules/@jest/core/build/TestScheduler.js:333:13)
      at runJest (node_modules/@jest/core/build/runJest.js:404:19)
      at _run10000 (node_modules/@jest/core/build/cli/index.js:320:7)
      at runCLI (node_modules/@jest/core/build/cli/index.js:173:3)

  console.error
    The above error occurred in the <Testimonials> component:
    
        at Testimonials (E:\Resonate-Website\src\components\Testimonials\Testimonials.js:39:30)
        at div
        at App (E:\Resonate-Website\src\App.js:19:25)
    
    Consider adding an error boundary to your tree to customize error handling behavior.
    Visit https://reactjs.org/link/error-boundaries to learn more about error boundaries.

      at logCapturedError (node_modules/react-dom/cjs/react-dom.development.js:18687:23)
      at update.callback (node_modules/react-dom/cjs/react-dom.development.js:18720:5)
      at callCallback (node_modules/react-dom/cjs/react-dom.development.js:13923:12)
      at commitUpdateQueue (node_modules/react-dom/cjs/react-dom.development.js:13944:9)
      at commitLayoutEffectOnFiber (node_modules/react-dom/cjs/react-dom.development.js:23391:13)
      at commitLayoutMountEffects_complete (node_modules/react-dom/cjs/react-dom.development.js:24688:9)
      at commitLayoutEffects_begin (node_modules/react-dom/cjs/react-dom.development.js:24674:7)
      at commitLayoutEffects (node_modules/react-dom/cjs/react-dom.development.js:24612:3)
      at commitRootImpl (node_modules/react-dom/cjs/react-dom.development.js:26823:5)
      at commitRoot (node_modules/react-dom/cjs/react-dom.development.js:26682:5)
      at performSyncWorkOnRoot (node_modules/react-dom/cjs/react-dom.development.js:26117:3)
      at flushSyncCallbacks (node_modules/react-dom/cjs/react-dom.development.js:12042:22)
      at flushSync (node_modules/react-dom/cjs/react-dom.development.js:26201:7)
      at ReactDOMRoot.Object.<anonymous>.ReactDOMHydrationRoot.unmount.ReactDOMRoot.unmount [as unmount] (node_modules/react-dom/cjs/react-dom.development.js:29336:5)
      at Object.unmount (node_modules/@testing-library/react/dist/pure.js:126:12)
      at node_modules/@testing-library/react/dist/pure.js:262:12
      at node_modules/@testing-library/react/dist/act-compat.js:64:24
      at act (node_modules/react/cjs/react.development.js:2512:16)
      at node_modules/@testing-library/react/dist/act-compat.js:63:25
      at node_modules/@testing-library/react/dist/pure.js:261:28
          at Array.forEach (<anonymous>)
      at cleanup (node_modules/@testing-library/react/dist/pure.js:257:22)
      at Object.<anonymous> (node_modules/@testing-library/react/dist/index.js:35:25)
      at TestScheduler.scheduleTests (node_modules/@jest/core/build/TestScheduler.js:333:13)
      at runJest (node_modules/@jest/core/build/runJest.js:404:19)
      at _run10000 (node_modules/@jest/core/build/cli/index.js:320:7)
      at runCLI (node_modules/@jest/core/build/cli/index.js:173:3)

node.exe : FAIL src/App.test.js
At line:1 char:1
+ & "C:\Program Files\nodejs/node.exe" "C:\Users\Nilan\AppData\Roaming\ ...
+ ~~~~~~~~~~~~~~~~~~~~~~~~~~~~~~~~~~~~~~~~~~~~~~~~~~~~~~~~~~~~~~~~~~~~~
    + CategoryInfo          : NotSpecified: (FAIL src/App.test.js:String) [], RemoteException
    + FullyQualifiedErrorId : NativeCommandError
 
  ├ù renders app title (542 ms)

  ΓùÅ renders app title

    TestingLibraryElementError: Found multiple elements with the text: /Clubhouse/i

    Here are the matching elements:

    Ignored nodes: comments, script, style
    [36m<h1>[39m
      [0mClubhouse,[0m
      [36m<br />[39m
      [0mbut Open Source[0m
    [36m</h1>[39m

    Ignored nodes: comments, script, style
    [36m<p>[39m
      [0mWith the rising popularity of social voice platforms such as Clubhouse and Twitter 
Spaces, it is high time for an Open Source alternative. A platform like this would not only enhance 
credibility within the open-source community but also attract more users and foster growth. An 
engagement platform that is Open Source has the potential to drive significant traction and help 
establish a strong presence.[0m
    [36m</p>[39m

    (If this is intentional, then use the `*AllBy*` variant of the query (like `queryAllByText`, 
`getAllByText`, or `findAllByText`)).

    Ignored nodes: comments, script, style
    [36m<body>[39m
      [36m<div>[39m
        [36m<div[39m
          [33mclass[39m=[32m"App"[39m
        [36m>[39m
          [36m<nav[39m
            [33mclass[39m=[32m"navbar"[39m
          [36m>[39m
            [36m<div[39m
              [33mclass[39m=[32m"navbar-container"[39m
            [36m>[39m
              [36m<div[39m
                [33mclass[39m=[32m"navbar-logo"[39m
              [36m>[39m
                [36m<img[39m
                  [33malt[39m=[32m"Resonate Logo"[39m
                  [33mclass[39m=[32m"logo-icon"[39m
                  [33msrc[39m=[32m"resonate_logo_white.svg"[39m
                [36m/>[39m
                [36m<span[39m
                  [33mclass[39m=[32m"logo-text"[39m
                [36m>[39m
                  [0mResonate[0m
                [36m</span>[39m
              [36m</div>[39m
              [36m<div[39m
                [33mclass[39m=[32m"navbar-links"[39m
              [36m>[39m
                [36m<a[39m
                  [33mclass[39m=[32m"nav-link"[39m
                  [33mhref[39m=[32m"https://aossie.org"[39m
                  [33mrel[39m=[32m"noopener noreferrer"[39m
                  [33mtarget[39m=[32m"_blank"[39m
                [36m>[39m
                  [0mAOSSIE [0m
                  [36m<svg[39m
                    [33mfill[39m=[32m"currentColor"[39m
                    [33mheight[39m=[32m"12"[39m
                    [33mstroke[39m=[32m"currentColor"[39m
                    [33mstroke-width[39m=[32m"0"[39m
                    [33mviewBox[39m=[32m"0 0 512 512"[39m
                    [33mwidth[39m=[32m"12"[39m
                    [33mxmlns[39m=[32m"http://www.w3.org/2000/svg"[39m
                  [36m>[39m
                    [36m<path[39m
                      [33md[39m=[32m"M432,320H400a16,16,0,0,0-16,16V448H64V128H208a16,16,0,0,0,16
-16V80a16,16,0,0,0-16-16H48A48,48,0,0,0,0,112V464a48,48,0,0,0,48,48H400a48,48,0,0,0,48-48V336A16,16,
0,0,0,432,320ZM488,0h-128c-21.37,0-32.05,25.91-17,41l35.73,35.73L135,320.37a24,24,0,0,0,0,34L157.67,
377a24,24,0,0,0,34,0L435.28,133.32,471,169c15,15,41,4.5,41-17V24A24,24,0,0,0,488,0Z"[39m
                    [36m/>[39m
                  [36m</svg>[39m
                [36m</a>[39m
                [36m<a[39m
                  [33mclass[39m=[32m"nav-link"[39m
                  [33mhref[39m=[32m"https://github.com/AOSSIE/Resonate"[39m
                  [33mrel[39m=[32m"noopener noreferrer"[39m
                  [33mtarget[39m=[32m"_blank"[39m
                [36m>[39m
                  [36m<svg[39m
                    [33mfill[39m=[32m"currentColor"[39m
                    [33mheight[39m=[32m"20"[39m
                    [33mstroke[39m=[32m"currentColor"[39m
                    [33mstroke-width[39m=[32m"0"[39m
                    [33mviewBox[39m=[32m"0 0 496 512"[39m
                    [33mwidth[39m=[32m"20"[39m
                    [33mxmlns[39m=[32m"http://www.w3.org/2000/svg"[39m
                  [36m>[39m
                    [36m<path[39m
                      [33md[39m=[32m"M165.9 397.4c0 2-2.3 3.6-5.2 3.6-3.3.3-5.6-1.3-5.6-3.6 0-2 
2.3-3.6 5.2-3.6 3-.3 5.6 1.3 5.6 3.6zm-31.1-4.5c-.7 2 1.3 4.3 4.3 4.9 2.6 1 5.6 0 
6.2-2s-1.3-4.3-4.3-5.2c-2.6-.7-5.5.3-6.2 2.3zm44.2-1.7c-2.9.7-4.9 2.6-4.6 4.9.3 2 2.9 3.3 5.9 2.6 
2.9-.7 4.9-2.6 4.6-4.6-.3-1.9-3-3.2-5.9-2.9zM244.8 8C106.1 8 0 113.3 0 252c0 110.9 69.8 205.8 169.5 
239.2 12.8 2.3 17.3-5.6 17.3-12.1 0-6.2-.3-40.4-.3-61.4 0 0-70 15-84.7-29.8 0 0-11.4-29.1-27.8-36.6 
0 0-22.9-15.7 1.6-15.4 0 0 24.9 2 38.6 25.8 21.9 38.6 58.6 27.5 72.9 20.9 2.3-16 8.8-27.1 
16-33.7-55.9-6.2-112.3-14.3-112.3-110.5 0-27.5 7.6-41.3 23.6-58.9-2.6-6.5-11.1-33.3 2.6-67.9 
20.9-6.5 69 27 69 27 20-5.6 41.5-8.5 62.8-8.5s42.8 2.9 62.8 8.5c0 0 48.1-33.6 69-27 13.7 34.7 5.2 
61.4 2.6 67.9 16 17.7 25.8 31.5 25.8 58.9 0 96.5-58.9 104.2-114.8 110.5 9.2 7.9 17 22.9 17 46.4 0 
33.7-.3 75.4-.3 83.6 0 6.5 4.6 14.4 17.3 12.1C428.2 457.8 496 362.9 496 252 496 113.3 383.5 8 244.8 
8zM97.2 352.9c-1.3 1-1 3.3.7 5.2 1.6 1.6 3.9 2.3 5.2 1 1.3-1 
1-3.3-.7-5.2-1.6-1.6-3.9-2.3-5.2-1zm-10.8-8.1c-.7 1.3.3 2.9 2.3 3.9 1.6 1 3.6.7 
4.3-.7.7-1.3-.3-2.9-2.3-3.9-2-.6-3.6-.3-4.3.7zm32.4 35.6c-1.6 1.3-1 4.3 1.3 6.2 2.3 2.3 5.2 2.6 6.5 
1 1.3-1.3.7-4.3-1.3-6.2-2.2-2.3-5.2-2.6-6.5-1zm-11.4-14.7c-1.6 1-1.6 3.6 0 5.9 1.6 2.3 4.3 3.3 5.6 
2.3 1.6-1.3 1.6-3.9 0-6.2-1.4-2.3-4-3.3-5.6-2z"[39m
                    [36m/>[39m
                  [36m</svg>[39m
                [36m</a>[39m
                [36m<button[39m
                  [33mclass[39m=[32m"download-btn"[39m
                [36m>[39m
                  [0mDownload Now[0m
                [36m</button>[39m
              [36m</div>[39m
            [36m</div>[39m
          [36m</nav>[39m
          [36m<section[39m
            [33mclass[39m=[32m"hero"[39m
          [36m>[39m
            [36m<div[39m
              [33mclass[39m=[32m"hero-container"[39m
            [36m>[39m
              [36m<div[39m
                [33mclass[39m=[32m"hero-image"[39m
              [36m>[39m
                [36m<img[39m
                  [33malt[39m=[32m"Resonate App on Phone"[39m
                  [33msrc[39m=[32m"resonate1 1.png"[39m
                [36m/>[39m
              [36m</div>[39m
              [36m<div[39m
                [33mclass[39m=[32m"hero-content"[39m
              [36m>[39m
                [36m<h1>[39m
                  [0mClubhouse,[0m
                  [36m<br />[39m
                  [0mbut Open Source[0m
                [36m</h1>[39m
                [36m<h2>[39m
                  [0mA social voice platform.[0m
                [36m</h2>[39m
                [36m<p[39m
                  [33mclass[39m=[32m"maintained-by"[39m
                [36m>[39m
                  [0mA Project Maintained by [0m
                  [36m<a[39m
                    [33mclass[39m=[32m"aossie-link"[39m
                    [33mhref[39m=[32m"https://aossie.org"[39m
                  [36m>[39m
                    [0mAOSSIE[0m
                  [36m</a>[39m
                [36m</p>[39m
                [36m<div[39m
                  [33mclass[39m=[32m"hero-buttons"[39m
                [36m>[39m
                  [36m<button[39m
                    [33mclass[39m=[32m"btn btn-primary"[39m
                  [36m>[39m
                    [0mCreate/Join Room [0m
                    [36m<svg[39m
                      [33mfill[39m=[32m"currentColor"[39m
                      [33mheight[39m=[32m"1em"[39m
                      [33mstroke[39m=[32m"currentColor"[39m
                      [33mstroke-width[39m=[32m"0"[39m
                      [33mviewBox[39m=[32m"0 0 448 512"[39m
                      [33mwidth[39m=[32m"1em"[39m
                      [33mxmlns[39m=[32m"http://www.w3.org/2000/svg"[39m
                    [36m>[39m
                      [36m<path[39m
                        [33md[39m=[32m"M190.5 66.9l22.2-22.2c9.4-9.4 24.6-9.4 33.9 0L441 239c9.4 
9.4 9.4 24.6 0 33.9L246.6 467.3c-9.4 9.4-24.6 9.4-33.9 0l-22.2-22.2c-9.5-9.5-9.3-25 .4-34.3L311.4 
296H24c-13.3 0-24-10.7-24-24v-32c0-13.3 10.7-24 24-24h287.4L190.9 
101.2c-9.8-9.3-10-24.8-.4-34.3z"[39m
                      [36m/>[39m
                    [36m</svg>[39m
                  [36m</button...

      60 | test('renders app title', () => {
      61 |   render(<App />);
    > 62 |   const linkElement = screen.getByText(/Clubhouse/i);
         |                              ^
      63 |   expect(linkElement).toBeInTheDocument();
      64 | });
      65 |

      at Object.getElementError 
(node_modules/@testing-library/react/node_modules/@testing-library/dom/dist/config.js:37:19)
      at getElementError 
(node_modules/@testing-library/react/node_modules/@testing-library/dom/dist/query-helpers.js:20:35)
      at getMultipleElementsFoundError 
(node_modules/@testing-library/react/node_modules/@testing-library/dom/dist/query-helpers.js:23:10)
      at 
node_modules/@testing-library/react/node_modules/@testing-library/dom/dist/query-helpers.js:55:13
      at getByText 
(node_modules/@testing-library/react/node_modules/@testing-library/dom/dist/query-helpers.js:95:19)
      at Object.<anonymous> (src/App.test.js:62:30)
      at TestScheduler.scheduleTests (node_modules/@jest/core/build/TestScheduler.js:333:13)
      at runJest (node_modules/@jest/core/build/runJest.js:404:19)
      at _run10000 (node_modules/@jest/core/build/cli/index.js:320:7)
      at runCLI (node_modules/@jest/core/build/cli/index.js:173:3)

  ΓùÅ renders app title

    TypeError: Cannot read properties of undefined (reading 'revert')

      197 |       lenis.destroy();
      198 |       cancelAnimationFrame(rafId);
    > 199 |       ctx.revert(); // This kills all GSAP animations and ScrollTriggers created in 
this context
          |           ^
      200 |     };
      201 |   }, []);
      202 |

      at src/App.js:199:11
      at safelyCallDestroy (node_modules/react-dom/cjs/react-dom.development.js:22932:5)
      at commitHookEffectListUnmount (node_modules/react-dom/cjs/react-dom.development.js:23100:11)
      at commitPassiveUnmountInsideDeletedTreeOnFiber 
(node_modules/react-dom/cjs/react-dom.development.js:25101:11)
      at commitPassiveUnmountEffectsInsideOfDeletedTree_begin 
(node_modules/react-dom/cjs/react-dom.development.js:25048:5)
      at commitPassiveUnmountEffects_begin 
(node_modules/react-dom/cjs/react-dom.development.js:24956:11)
      at commitPassiveUnmountEffects (node_modules/react-dom/cjs/react-dom.development.js:24941:3)
      at flushPassiveEffectsImpl (node_modules/react-dom/cjs/react-dom.development.js:27038:3)
      at flushPassiveEffects (node_modules/react-dom/cjs/react-dom.development.js:26984:14)
      at commitRootImpl (node_modules/react-dom/cjs/react-dom.development.js:26935:5)
      at commitRoot (node_modules/react-dom/cjs/react-dom.development.js:26682:5)
      at performSyncWorkOnRoot (node_modules/react-dom/cjs/react-dom.development.js:26117:3)
      at flushSyncCallbacks (node_modules/react-dom/cjs/react-dom.development.js:12042:22)
      at flushSync (node_modules/react-dom/cjs/react-dom.development.js:26201:7)
      at ReactDOMRoot.Object.<anonymous>.ReactDOMHydrationRoot.unmount.ReactDOMRoot.unmount [as 
unmount] (node_modules/react-dom/cjs/react-dom.development.js:29336:5)
      at Object.unmount (node_modules/@testing-library/react/dist/pure.js:126:12)
      at node_modules/@testing-library/react/dist/pure.js:262:12
      at node_modules/@testing-library/react/dist/act-compat.js:64:24
      at act (node_modules/react/cjs/react.development.js:2512:16)
      at node_modules/@testing-library/react/dist/act-compat.js:63:25
      at node_modules/@testing-library/react/dist/pure.js:261:28
          at Array.forEach (<anonymous>)
      at cleanup (node_modules/@testing-library/react/dist/pure.js:257:22)
      at Object.<anonymous> (node_modules/@testing-library/react/dist/index.js:35:25)
      at TestScheduler.scheduleTests (node_modules/@jest/core/build/TestScheduler.js:333:13)
      at runJest (node_modules/@jest/core/build/runJest.js:404:19)
      at _run10000 (node_modules/@jest/core/build/cli/index.js:320:7)
      at runCLI (node_modules/@jest/core/build/cli/index.js:173:3)

Test Suites: 1 failed, 1 total
Tests:       1 failed, 1 total
Snapshots:   0 total
Time:        7.881 s
Ran all test suites.
